TC 1 Passed
TC 2 Passed
TC 3 Passed
TC 4 Passed
TC 5 Passed
TC 6 Passed
TC 7 Passed
TC 8 Passed
TC 9 Passed
TC 10 Passed
TC 11 Passed
TC 12 Passed
TC 13 Passed
TC 14 Passed
TC 15 Passed
TC 16 Passed
TC 17 Passed
TC 18 Passed
TC 19 Passed
TC 20 Passed
